[21:40:37] [ServerMain/INFO]: [bootstrap] Running Java 21 (OpenJDK 64-Bit Server VM 21.0.7+6-LTS; Eclipse Adoptium Temurin-21.0.7+6) on Windows 11 10.0 (amd64)
[21:40:37] [ServerMain/INFO]: [bootstrap] Loading Paper 1.21.10-113-main@9fc21bc (2025-11-14T16:11:13Z) for Minecraft 1.21.10
[21:40:38] [ServerMain/INFO]: [PluginInitializerManager] Initializing plugins...
[21:40:39] [ServerMain/INFO]: [PluginInitializerManager] Initialized 2 plugins
[21:40:39] [ServerMain/INFO]: [PluginInitializerManager] Paper plugins (1):
 - NoMoreCombatLog (1.0.3)
[21:40:39] [ServerMain/INFO]: [PluginInitializerManager] Bukkit plugins (1):
 - LuckPerms (5.5.20)
[21:40:50] [ServerMain/INFO]: Environment: Environment[sessionHost=https://sessionserver.mojang.com, servicesHost=https://api.minecraftservices.com, profilesHost=https://api.mojang.com, name=PROD]
[21:40:54] [ServerMain/INFO]: Loaded 1461 recipes
[21:40:54] [ServerMain/INFO]: Loaded 1574 advancements
[21:40:54] [ServerMain/INFO]: [ca.spottedleaf.dataconverter.minecraft.datatypes.MCTypeRegistry] Initialising converters for DataConverter...
[21:40:55] [ServerMain/INFO]: [ca.spottedleaf.dataconverter.minecraft.datatypes.MCTypeRegistry] Finished initialising converters for DataConverter in 600,5ms
[21:40:55] [Server thread/INFO]: Starting minecraft server version 1.21.10
[21:40:55] [Server thread/INFO]: Loading properties
[21:40:55] [Server thread/INFO]: This server is running Paper version 1.21.10-113-main@9fc21bc (2025-11-14T16:11:13Z) (Implementing API version 1.21.10-R0.1-SNAPSHOT)
[21:40:55] [Server thread/INFO]: [spark] This server bundles the spark profiler. For more information please visit https://docs.papermc.io/paper/profiling
[21:40:55] [Server thread/INFO]: Server Ping Player Sample Count: 12
[21:40:55] [Server thread/INFO]: Using 4 threads for Netty based IO
[21:40:56] [Server thread/INFO]: [MoonriseCommon] Paper is using 4 worker threads, 1 I/O threads
[21:40:57] [Server thread/INFO]: Default game type: SURVIVAL
[21:40:57] [Server thread/INFO]: Generating keypair
[21:40:57] [Server thread/INFO]: Starting Minecraft server on *:25565
[21:40:57] [Server thread/INFO]: Using default channel type
[21:40:57] [Server thread/INFO]: Paper: Using Java compression from Velocity.
[21:40:57] [Server thread/INFO]: Paper: Using Java cipher from Velocity.
[21:40:57] [Server thread/INFO]: [NoMoreCombatLog] Loading server plugin NoMoreCombatLog v1.0.3
[21:40:57] [Server thread/INFO]: [LuckPerms] Loading server plugin LuckPerms v5.5.20
[21:40:57] [Server thread/INFO]: [LuckPerms] Loading configuration...
[21:40:57] [Server thread/INFO]: Server permissions file permissions.yml is empty, ignoring it
[21:40:57] [Server thread/INFO]: [LuckPerms] Enabling LuckPerms v5.5.20
[21:40:58] [Server thread/INFO]:         __    
[21:40:58] [Server thread/INFO]:   |    |__)   LuckPerms v5.5.20
[21:40:58] [Server thread/INFO]:   |___ |      Running on Bukkit - Paper
[21:40:58] [Server thread/INFO]: 
[21:40:58] [Server thread/INFO]: [LuckPerms] Loading storage provider... [H2]
[21:40:58] [Server thread/INFO]: [LuckPerms] Loading internal permission managers...
[21:40:58] [Server thread/INFO]: [LuckPerms] Performing initial data load...
[21:40:59] [Server thread/INFO]: [LuckPerms] Successfully enabled. (took 1142ms)
[21:40:59] [Server thread/WARN]: **** SERVER IS RUNNING IN OFFLINE/INSECURE MODE!
[21:40:59] [Server thread/WARN]: The server will make no attempt to authenticate usernames. Beware.
[21:40:59] [Server thread/WARN]: While this makes the game possible to play without internet access, it also opens up the ability for hackers to connect with any username they choose.
[21:40:59] [Server thread/WARN]: To change this, set "online-mode" to "true" in the server.properties file.
[21:40:59] [Server thread/INFO]: Preparing level "world"
[21:41:00] [Server thread/INFO]: Loading 0 persistent chunks for world 'minecraft:overworld'...
[21:41:00] [Server thread/INFO]: Prepared spawn area in 2 ms
[21:41:00] [Server thread/INFO]: Loading 0 persistent chunks for world 'minecraft:the_nether'...
[21:41:00] [Server thread/INFO]: Prepared spawn area in 2 ms
[21:41:00] [Server thread/INFO]: Loading 0 persistent chunks for world 'minecraft:the_end'...
[21:41:00] [Server thread/INFO]: Prepared spawn area in 1 ms
[21:41:00] [Server thread/INFO]: Done preparing level "world" (1.049s)
[21:41:00] [Server thread/INFO]: [NoMoreCombatLog] Enabling NoMoreCombatLog v1.0.3
[21:41:00] [Server thread/INFO]: [NoMoreCombatLog] NoMoreCombatLog has been enabled.
[21:41:00] [Server thread/INFO]: [spark] Starting background profiler...
[21:41:00] [Server thread/INFO]: [spark] The async-profiler engine is not supported for your os/arch (windows11/amd64), so the built-in Java engine will be used instead.
[21:41:00] [Server thread/INFO]: Running delayed init tasks
[21:41:00] [Server thread/INFO]: Done (23.577s)! For help, type "help"
